// Jest Snapshot v1, https://goo.gl/fbAQLP

exports[`Fist SnapShot test  1`] = `
<div
  className="center center mt-5 container-fluid"
>
  <div
    className="row"
  >
    <div
      className="col-md-4 offset-md-4"
    >
      <h3>
         Select your Role: 
      </h3>
      <form
        className=""
        method="POST"
        onSubmit={[Function]}
      >
        <div
          className="form-group"
        >
          <select
            className="form-control"
            name="role"
            onChange={[Function]}
            role="teacher"
          >
            <option
              value="teacher"
            >
              Teacher
            </option>
            <option
              value="student"
            >
              Student
            </option>
            <option
              value="teacher"
            >
              Booking Manager
            </option>
            <option
              value="student"
            >
              Support Officer
            </option>
          </select>
        </div>
        <div
          className="form-group"
        >
          <input
            autoFocus={true}
            className="form-control"
            id="username"
            name="username"
            onChange={[Function]}
            placeholder="Username"
            required={true}
            type="text"
            value=""
          />
        </div>
        <div
          className="form-group"
        >
          <input
            className="form-control"
            id="password"
            name="password"
            onChange={[Function]}
            placeholder="Password"
            required={true}
            type="password"
            value=""
          />
        </div>
        <div
          className="form-group"
        >
          <button
            className="btn btn-primary"
            color="primary"
            disabled={false}
            type="submit"
          >
            Login
          </button>
        </div>
      </form>
    </div>
  </div>
</div>
`;
